
> portfolio-2024@0.0.0 build
> ng build

node.exe : - Building...
En C:\Program 
Files\nodejs\npm.ps1: 29 
Carácter: 3
+   & $NODE_EXE 
$NPM_CLI_JS $args
+   ~~~~~~~~~~~~~~~~~~~~~~
~~~~~~~
    + CategoryInfo        
      : NotSpecified: (-  
   Building...:String)    
 [], RemoteException
    + FullyQualifiedError 
   Id : NativeCommandErr  
  or
 

Prerendered 0 static routes.
Application bundle generation failed. [7.056 seconds]

[1m[31mX [ERROR] 
unmatched "}".
   ÔòÀ
50 Ôöé }
   Ôöé ^
   ÔòÁ
  src\styles.scss 50:1  
root stylesheet [plugin 
angular-sass]

    angular:styles/global:
styles:1:8:
      1 Ôöé @import 
'src/styles.scss';
        ÔòÁ         
~~~~~~~~~~~~~~~~~

[39m[22m
